// Jest Snapshot v1, https://goo.gl/fbAQLP

exports[`should render correctly EditExpensePage component 1`] = `
<div>
  <h1>
    Edit Expense
  </h1>
  <ExpenseForm
    expense={
      Object {
        "amount": 100.95,
        "createdAt": 172800000,
        "description": "Water Bill",
        "id": "2",
        "note": "First note",
      }
    }
    onSubmit={[Function]}
  />
  <button
    onClick={[Function]}
  >
    Remove
  </button>
</div>
`;
